------------------------------------------------------------
TimeQuest Timing Analyzer Summary
------------------------------------------------------------

Type  : Slow 1200mV 85C Model Setup 'CLOCK_50'
Slack : -10.992
TNS   : -913.945

Type  : Slow 1200mV 85C Model Hold 'CLOCK_50'
Slack : -0.284
TNS   : -0.599

Type  : Slow 1200mV 85C Model Minimum Pulse Width 'CLOCK_50'
Slack : -3.000
TNS   : -301.858

Type  : Slow 1200mV 85C Model Minimum Pulse Width 'ram_controller:rc|load_arg'
Slack : -1.285
TNS   : -15.420

Type  : Slow 1200mV 85C Model Minimum Pulse Width 'ram_controller:rc|load_op'
Slack : -1.285
TNS   : -2.570

Type  : Slow 1200mV 0C Model Setup 'CLOCK_50'
Slack : -9.916
TNS   : -817.028

Type  : Slow 1200mV 0C Model Hold 'CLOCK_50'
Slack : -0.331
TNS   : -0.853

Type  : Slow 1200mV 0C Model Minimum Pulse Width 'CLOCK_50'
Slack : -3.000
TNS   : -301.594

Type  : Slow 1200mV 0C Model Minimum Pulse Width 'ram_controller:rc|load_arg'
Slack : -1.285
TNS   : -15.420

Type  : Slow 1200mV 0C Model Minimum Pulse Width 'ram_controller:rc|load_op'
Slack : -1.285
TNS   : -2.570

Type  : Fast 1200mV 0C Model Setup 'CLOCK_50'
Slack : -4.884
TNS   : -359.444

Type  : Fast 1200mV 0C Model Hold 'CLOCK_50'
Slack : -0.425
TNS   : -1.713

Type  : Fast 1200mV 0C Model Minimum Pulse Width 'CLOCK_50'
Slack : -3.000
TNS   : -293.687

Type  : Fast 1200mV 0C Model Minimum Pulse Width 'ram_controller:rc|load_arg'
Slack : -1.000
TNS   : -12.000

Type  : Fast 1200mV 0C Model Minimum Pulse Width 'ram_controller:rc|load_op'
Slack : -1.000
TNS   : -2.000

------------------------------------------------------------
